==========================================
   libressl 2.6.4: tests/test-suite.log
==========================================

# TOTAL: 63
# PASS:  63
# SKIP:  0
# XFAIL: 0
# FAIL:  0
# XPASS: 0
# ERROR: 0

.. contents:: :depth: 2

